// Jest Snapshot v1, https://goo.gl/fbAQLP

exports[`renders 1`] = `
<DocumentFragment>
  <div
    class="top-cities-container"
  >
    <h3>
      Random Cities
    </h3>
    <div
      class="top-cities"
    >
      <p>
         loading... 
      </p>
    </div>
  </div>
</DocumentFragment>
`;
